[harvoxx-estateagency2.netlify.app/index.html]
[harvoxx-estateagency2.netlify.app/favicon.png]
[harvoxx-estateagency2.netlify.app/fonts/icomoon/style.css]
[harvoxx-estateagency2.netlify.app/fonts/flaticon/font/flaticon.css]
[harvoxx-estateagency2.netlify.app/css/tiny-slider.css]
[harvoxx-estateagency2.netlify.app/css/aos.css]
[backblue.gif]
[fade.gif]
[index.html]
[harvoxx-estateagency2.netlify.app/css/style.css]
[harvoxx-estateagency2.netlify.app/properties.html]
[harvoxx-estateagency2.netlify.app/services.html]
[harvoxx-estateagency2.netlify.app/about.html]
[harvoxx-estateagency2.netlify.app/contact.html]
[harvoxx-estateagency2.netlify.app/images/hero_bg_3.jpg]
[harvoxx-estateagency2.netlify.app/images/hero_bg_2.jpg]
[harvoxx-estateagency2.netlify.app/images/hero_bg_1.jpg]
[harvoxx-estateagency2.netlify.app/property-single.html]
[harvoxx-estateagency2.netlify.app/images/img_1.jpg]
[harvoxx-estateagency2.netlify.app/images/img_2.jpg]
[harvoxx-estateagency2.netlify.app/images/img_3.jpg]
[harvoxx-estateagency2.netlify.app/images/img_4.jpg]
[harvoxx-estateagency2.netlify.app/images/img_5.jpg]
[harvoxx-estateagency2.netlify.app/images/img_6.jpg]
[harvoxx-estateagency2.netlify.app/images/img_7.jpg]
[harvoxx-estateagency2.netlify.app/images/img_8.jpg]
[harvoxx-estateagency2.netlify.app/images/person_1-min.jpg]
[harvoxx-estateagency2.netlify.app/images/person_2-min.jpg]
[harvoxx-estateagency2.netlify.app/images/person_3-min.jpg]
[harvoxx-estateagency2.netlify.app/images/person_4-min.jpg]
[harvoxx-estateagency2.netlify.app/js/bootstrap.bundle.min.js]
[harvoxx-estateagency2.netlify.app/js/tiny-slider.js]
[harvoxx-estateagency2.netlify.app/js/aos.js]
[harvoxx-estateagency2.netlify.app/js/navbar.js]
[harvoxx-estateagency2.netlify.app/js/counter.js]
[harvoxx-estateagency2.netlify.app/js/custom.js]
[harvoxx-estateagency2.netlify.app/index.html]
[harvoxx-estateagency2.netlify.app/fonts/icomoon/fonts/icomoon1a44.eot]
[harvoxx-estateagency2.netlify.app/fonts/icomoon/fonts/icomoon1a44.ttf]
[harvoxx-estateagency2.netlify.app/fonts/icomoon/fonts/icomoon1a44.woff]
[harvoxx-estateagency2.netlify.app/fonts/icomoon/style.css]
[harvoxx-estateagency2.netlify.app/fonts/icomoon/fonts/icomoon1a44.svg]
[harvoxx-estateagency2.netlify.app/fonts/flaticon/font/Flaticon.eot]
[harvoxx-estateagency2.netlify.app/fonts/flaticon/font/Flaticond41d.eot]
[harvoxx-estateagency2.netlify.app/fonts/flaticon/font/Flaticon.woff2]
[harvoxx-estateagency2.netlify.app/fonts/flaticon/font/Flaticon.woff]
[harvoxx-estateagency2.netlify.app/fonts/flaticon/font/Flaticon.ttf]
[harvoxx-estateagency2.netlify.app/fonts/flaticon/font/flaticon.css]
[harvoxx-estateagency2.netlify.app/css/tiny-slider.css]
[harvoxx-estateagency2.netlify.app/css/aos.css]
[harvoxx-estateagency2.netlify.app/fonts/flaticon/font/Flaticon.svg]
[harvoxx-estateagency2.netlify.app/images/dots.png]
[harvoxx-estateagency2.netlify.app/css/style.css]
[harvoxx-estateagency2.netlify.app/properties.html]
[harvoxx-estateagency2.netlify.app/services.html]
[harvoxx-estateagency2.netlify.app/images/person_4.2b.delayed]
[harvoxx-estateagency2.netlify.app/about.html]
[harvoxx-estateagency2.netlify.app/contact.html]
[harvoxx-estateagency2.netlify.app/property-single.html]
[harvoxx-estateagency2.netlify.app/fonts/icomoon/fonts/icomoon1a44.svg]
[harvoxx-estateagency2.netlify.app/fonts/flaticon/font/Flaticon.svg]
[harvoxx-estateagency2.netlify.app/images/person_4.html]
